python : Traceback 
(most recent call 
last):
At line:1 char:1
+ python test_teacher
_assignment.py > 
test_output.txt 2>&1
+ ~~~~~~~~~~~~~~~~~~~
~~~~~~~~~~~~~~~~~~~~~
~~~~~~~~~~~~~~~~
    + CategoryInfo   
           : NotSpe  
  cified: (Traceba   
 ck (most recent     
call last)::Stri    
ng) [], RemoteEx    
ception
    + FullyQualified 
   ErrorId : Native  
  CommandError
 
  File "D:\New 
folder\New folder (2)
\university_exam_syst
em\test_teacher_assig
nment.py", line 3, 
in <module>
    from controllers.
user_controller 
import 
user_controller
  File "D:\New 
folder\New folder (2)
\university_exam_syst
em\controllers\user_c
ontroller.py", line 
4, in <module>
    from 
database.db_manager 
import 
DatabaseManager
  File "D:\New 
folder\New folder (2)
\university_exam_syst
em\database\db_manage
r.py", line 303, in 
<module>
    db = 
DatabaseManager()
         
^^^^^^^^^^^^^^^^^
  File "D:\New 
folder\New folder (2)
\university_exam_syst
em\database\db_manage
r.py", line 26, in 
__init__
    self.connect()
  File "D:\New 
folder\New folder (2)
\university_exam_syst
em\database\db_manage
r.py", line 55, in 
connect
    print(f"\u2713 
Database connected: {
config.DATABASE_PATH}
")
  File "C:\Program Fi
les\WindowsApps\Pytho
nSoftwareFoundation.P
ython.3.11_3.11.2544.
0_x64__qbz5n2kfra8p0\
Lib\encodings\cp1252.
py", line 19, in 
encode
    return codecs.cha
rmap_encode(input,sel
f.errors,encoding_tab
le)[0]
           ^^^^^^^^^^
^^^^^^^^^^^^^^^^^^^^^
^^^^^^^^^^^^^^^^^^^^^
^^^
UnicodeEncodeError: 
'charmap' codec 
can't encode 
character '\u2713' 
in position 0: 
character maps to 
<undefined>
